[2026-07-07T16:27:38.568] [DEBUG] debug-file - env: nodejsVersion=v18.20.1
[2026-07-07T16:27:39.148] [DEBUG] debug-file - Hvigor init with startParameters:{
  hvigorfileTypeCheck: false,
  parallelExecution: true,
  incrementalExecution: true,
  printStackTrace: false,
  daemon: false,
  analyze: 0,
  logLevel: Level { level: 20000, levelStr: 'INFO', colour: 'green' },
  optimizationStrategy: 'memory',
  hotCompile: undefined,
  hotReloadBuild: undefined,
  customizedParam: undefined
}
[2026-07-07T16:27:43.603] [DEBUG] debug-file - hvigorfile, require result:  { appTasks: [Getter] }
[2026-07-07T16:27:43.605] [DEBUG] debug-file - Starting plugin build process
[2026-07-07T16:27:43.797] [DEBUG] debug-file - App plugin register hook start...
[2026-07-07T16:27:43.810] [DEBUG] debug-file - hvigor build process will be closed with an error.
[2026-07-07T16:27:43.799] [DEBUG] debug-file - Start initialize project's product build option map with build mode debug.
[2026-07-07T16:27:38.569] [DEBUG] debug-file - env: hvigor-config.json5 content = { modelVersion: '5.0.0', dependencies: {} }
[2026-07-07T16:27:43.858] [DEBUG] debug-file - Create  resident worker with id: 0.
[2026-07-07T16:27:39.149] [DEBUG] debug-file - Since current hvigor version 6.24.3 differs from last hvigor version 
      undefined, delete file-cache.json and task-cache.json.
[2026-07-07T16:27:43.603] [DEBUG] debug-file - hvigorfile, binding system plugins { appTasks: [Getter] }
[2026-07-07T16:27:43.605] [DEBUG] debug-file - App plugin prepare start...
[2026-07-07T16:27:43.797] [DEBUG] debug-file - App plugin register hook end...
[2026-07-07T16:27:43.821] [ERROR] debug-file - [31m00303208 Configuration Error
Error Message: Unable to find 'sdk.dir' in 'local.properties' or 'OHOS_BASE_SDK_HOME' in the system environment path. Check at file: D:\code\smart-patrol-car-lab\06-harmonyos-app-development\local.properties 

* Try the following:
  > Add 'OHOS_BASE_SDK_HOME' to the system environment path. 
  > Correct the value, run hvigorw --stop-daemon to stop the daemon process, and then try again.
[39m

[31m* Try:
> Run with --stacktrace option to get the stack trace.
> Run with --debug option to get more log output.

[2026-07-07T16:27:43.799] [DEBUG] debug-file - Picking option from product 'default' with build mode 'debug'.
[2026-07-07T16:27:38.571] [DEBUG] debug-file - env: daemon=false
[2026-07-07T16:27:43.860] [DEBUG] debug-file - Create  resident worker with id: 1.
[2026-07-07T16:27:39.149] [DEBUG] debug-file - Cache service initialization finished in 1 ms 
[2026-07-07T16:27:43.605] [DEBUG] debug-file - App plugin prepare end...
[2026-07-07T16:27:43.797] [DEBUG] debug-file - Plugin build process completed
[2026-07-07T16:27:43.800] [DEBUG] debug-file - Product 'default' build option initialized
[2026-07-07T16:27:38.571] [DEBUG] debug-file - no-daemon, use the parent process.execArgv --max-old-space-size=8192,--max-semi-space-size=16,--expose-gc
[2026-07-07T16:27:43.821] [DEBUG] debug-file - ERROR: stacktrace = AdaptorError: [31m00303208 Configuration Error
Error Message: Unable to find 'sdk.dir' in 'local.properties' or 'OHOS_BASE_SDK_HOME' in the system environment path. Check at file: D:\code\smart-patrol-car-lab\06-harmonyos-app-development\local.properties 

* Try the following:
  > Add 'OHOS_BASE_SDK_HOME' to the system environment path. 
  > Correct the value, run hvigorw --stop-daemon to stop the daemon process, and then try again.
[39m
    at OhosLogger.printErrorExit (D:\Program Files\Huawei\DevEco Studio\tools\hvigor\hvigor\src\base\log\hvigor-log.js:1:5087)
    at Property.validatePath (D:\Program Files\Huawei\DevEco Studio\tools\hvigor\hvigor-ohos-plugin\src\sdk\lib\property-get.js:1:2109)
    at Property.getSdkDir (D:\Program Files\Huawei\DevEco Studio\tools\hvigor\hvigor-ohos-plugin\src\sdk\lib\property-get.js:1:1195)
    at SdkLoader.getSdkInfo (D:\Program Files\Huawei\DevEco Studio\tools\hvigor\hvigor-ohos-plugin\src\sdk\sdk-loader.js:1:654)
    at new ProjectTaskService (D:\Program Files\Huawei\DevEco Studio\tools\hvigor\hvigor-ohos-plugin\src\tasks\service\project-task-service.js:1:2057)
    at AppPlugin.initTaskService (D:\Program Files\Huawei\DevEco Studio\tools\hvigor\hvigor-ohos-plugin\src\plugin\app-plugin.js:1:715)
    at ProjectImpl.<anonymous> (D:\Program Files\Huawei\DevEco Studio\tools\hvigor\hvigor-ohos-plugin\src\plugin\builder\app-plugin-builder.js:1:2286)
    at ProjectImpl.executeAfterBindSystemPluginsHook (D:\Program Files\Huawei\DevEco Studio\tools\hvigor\hvigor\src\base\internal\lifecycle\hvigor-node-impl\default-node-impl.js:1:5577)
    at evaluateNodeVigorFile (D:\Program Files\Huawei\DevEco Studio\tools\hvigor\hvigor\src\base\internal\lifecycle\configuration.js:1:9743)
    at process.processTicksAndRejections (node:internal/process/task_queues:95:5)
[2026-07-07T16:27:43.862] [DEBUG] debug-file - Current worker pool is stopped or closed.
[2026-07-07T16:27:39.151] [DEBUG] debug-file - hvigorfile, resolving D:\code\smart-patrol-car-lab\06-harmonyos-app-development\hvigorfile.ts
[2026-07-07T16:27:43.605] [DEBUG] debug-file - App plugin creating...
[2026-07-07T16:27:43.800] [DEBUG] debug-file - End initialize project's product build option map with build mode 'debug'.
[2026-07-07T16:27:43.821] [ERROR] debug-file - AdaptorError: [31m00303208 Configuration Error
Error Message: Unable to find 'sdk.dir' in 'local.properties' or 'OHOS_BASE_SDK_HOME' in the system environment path. Check at file: D:\code\smart-patrol-car-lab\06-harmonyos-app-development\local.properties 

* Try the following:
  > Add 'OHOS_BASE_SDK_HOME' to the system environment path. 
  > Correct the value, run hvigorw --stop-daemon to stop the daemon process, and then try again.
[39m
    at OhosLogger.printErrorExit (D:\Program Files\Huawei\DevEco Studio\tools\hvigor\hvigor\src\base\log\hvigor-log.js:1:5087)
    at Property.validatePath (D:\Program Files\Huawei\DevEco Studio\tools\hvigor\hvigor-ohos-plugin\src\sdk\lib\property-get.js:1:2109)
    at Property.getSdkDir (D:\Program Files\Huawei\DevEco Studio\tools\hvigor\hvigor-ohos-plugin\src\sdk\lib\property-get.js:1:1195)
    at SdkLoader.getSdkInfo (D:\Program Files\Huawei\DevEco Studio\tools\hvigor\hvigor-ohos-plugin\src\sdk\sdk-loader.js:1:654)
    at new ProjectTaskService (D:\Program Files\Huawei\DevEco Studio\tools\hvigor\hvigor-ohos-plugin\src\tasks\service\project-task-service.js:1:2057)
    at AppPlugin.initTaskService (D:\Program Files\Huawei\DevEco Studio\tools\hvigor\hvigor-ohos-plugin\src\plugin\app-plugin.js:1:715)
    at ProjectImpl.<anonymous> (D:\Program Files\Huawei\DevEco Studio\tools\hvigor\hvigor-ohos-plugin\src\plugin\builder\app-plugin-builder.js:1:2286)
    at ProjectImpl.executeAfterBindSystemPluginsHook (D:\Program Files\Huawei\DevEco Studio\tools\hvigor\hvigor\src\base\internal\lifecycle\hvigor-node-impl\default-node-impl.js:1:5577)
    at evaluateNodeVigorFile (D:\Program Files\Huawei\DevEco Studio\tools\hvigor\hvigor\src\base\internal\lifecycle\configuration.js:1:9743)
    at process.processTicksAndRejections (node:internal/process/task_queues:95:5)
[2026-07-07T16:27:43.862] [DEBUG] debug-file - Clear worker 0.
[2026-07-07T16:27:43.833] [ERROR] debug-file - BUILD FAILED in 4 s 695 ms 
[2026-07-07T16:27:43.862] [DEBUG] debug-file - Worker 0 has been cleared.
[2026-07-07T16:27:43.862] [DEBUG] debug-file - Current idle worker size: 1.
[2026-07-07T16:27:43.854] [DEBUG] debug-file - Since there is no instance or instance is terminated, create a new worker pool.
[2026-07-07T16:27:43.862] [DEBUG] debug-file - Current busy worker size: 0.
[2026-07-07T16:27:43.854] [DEBUG] debug-file - Worker pool is initialized with config:  {
  minPoolNum: 2,
  maxPoolNum: undefined,
  maxCoreSize: undefined,
  cacheCapacity: undefined,
  cacheTtl: undefined
}
[2026-07-07T16:27:43.862] [DEBUG] debug-file - Clear worker 1.
[2026-07-07T16:27:43.862] [DEBUG] debug-file - Worker 1 has been cleared.
[2026-07-07T16:27:43.862] [DEBUG] debug-file - Current idle worker size: 0.
[2026-07-07T16:27:43.862] [DEBUG] debug-file - Current busy worker size: 0.
[2026-07-07T16:27:43.878] [DEBUG] debug-file - hvigor build process will be closed.
[2026-07-07T16:27:43.880] [DEBUG] debug-file - worker[0] exits with exit code 0.
[2026-07-07T16:27:43.880] [DEBUG] debug-file - worker[1] exits with exit code 0.
[2026-07-07T16:27:43.881] [DEBUG] debug-file - Current worker pool is terminated.
[2026-07-07T16:43:04.086] [DEBUG] debug-file - env: nodejsVersion=v25.2.0
[2026-07-07T16:43:04.484] [DEBUG] debug-file - Hvigor init with startParameters:{
  hvigorfileTypeCheck: false,
  parallelExecution: true,
  incrementalExecution: true,
  printStackTrace: true,
  daemon: false,
  analyze: 0,
  logLevel: Level { level: 20000, levelStr: 'INFO', colour: 'green' },
  optimizationStrategy: 'memory',
  hotCompile: undefined,
  hotReloadBuild: undefined,
  customizedParam: undefined
}
[2026-07-07T16:43:06.759] [DEBUG] debug-file - hvigorfile, require result:  { appTasks: [Getter] }
[2026-07-07T16:43:06.761] [DEBUG] debug-file - Starting plugin build process
[2026-07-07T16:43:06.913] [DEBUG] debug-file - App plugin register hook start...
[2026-07-07T16:43:06.915] [DEBUG] debug-file - Start initialize project's product build option map with build mode release.
[2026-07-07T16:43:04.086] [DEBUG] debug-file - env: hvigor-config.json5 content = { modelVersion: '5.0.0', dependencies: {} }
[2026-07-07T16:43:06.919] [DEBUG] debug-file - Obtain build option for product 'default'in this build.
[2026-07-07T16:43:04.485] [DEBUG] debug-file - Since current hvigor version 6.24.3 differs from last hvigor version 
      undefined, delete file-cache.json and task-cache.json.
[2026-07-07T16:43:06.759] [DEBUG] debug-file - hvigorfile, binding system plugins { appTasks: [Getter] }
[2026-07-07T16:43:06.761] [DEBUG] debug-file - App plugin prepare start...
[2026-07-07T16:43:06.913] [DEBUG] debug-file - App plugin register hook end...
[2026-07-07T16:43:06.915] [DEBUG] debug-file - Picking option from product 'default' with build mode 'release'.
[2026-07-07T16:43:04.088] [DEBUG] debug-file - env: daemon=false
[2026-07-07T16:43:06.920] [DEBUG] debug-file - not found resModel json file in : D:\code\smart-patrol-car-lab\06-harmonyos-app-development\entry\src\ohosTest\module.json5
[2026-07-07T16:43:04.486] [DEBUG] debug-file - Cache service initialization finished in 2 ms 
[2026-07-07T16:43:06.761] [DEBUG] debug-file - App plugin prepare end...
[2026-07-07T16:43:06.913] [DEBUG] debug-file - Plugin build process completed
[2026-07-07T16:43:06.915] [DEBUG] debug-file - Product 'default' build option initialized
[2026-07-07T16:43:04.088] [DEBUG] debug-file - no-daemon, use the parent process.execArgv --max-old-space-size=8192,--max-semi-space-size=16,--expose-gc,--enable-source-maps
[2026-07-07T16:43:06.927] [DEBUG] debug-file - D:\code\smart-patrol-car-lab\06-harmonyos-app-development\build\cache\default\remote_hsp\remoteHspCache.json not exists.
[2026-07-07T16:43:06.761] [DEBUG] debug-file - App plugin creating...
[2026-07-07T16:43:04.488] [DEBUG] debug-file - hvigorfile, resolving D:\code\smart-patrol-car-lab\06-harmonyos-app-development\hvigorfile.ts
[2026-07-07T16:43:06.933] [DEBUG] debug-file - Component ArkTS:6.1.1.125 has been placed in the wrong place,
             expect D:\Program Files\Huawei\DevEco Studio\sdk\default\openharmony\24\ets, actual D:\Program Files\Huawei\DevEco Studio\sdk\default\openharmony\ets
[2026-07-07T16:43:06.915] [DEBUG] debug-file - End initialize project's product build option map with build mode 'release'.
[2026-07-07T16:43:06.936] [DEBUG] debug-file - Component JS:6.1.1.125 has been placed in the wrong place,
             expect D:\Program Files\Huawei\DevEco Studio\sdk\default\openharmony\24\js, actual D:\Program Files\Huawei\DevEco Studio\sdk\default\openharmony\js
[2026-07-07T16:43:06.937] [DEBUG] debug-file - Component Native:6.1.1.125 has been placed in the wrong place,
             expect D:\Program Files\Huawei\DevEco Studio\sdk\default\openharmony\24\native, actual D:\Program Files\Huawei\DevEco Studio\sdk\default\openharmony\native
[2026-07-07T16:43:06.937] [DEBUG] debug-file - Component Previewer:6.1.1.125 has been placed in the wrong place,
             expect D:\Program Files\Huawei\DevEco Studio\sdk\default\openharmony\24\previewer, actual D:\Program Files\Huawei\DevEco Studio\sdk\default\openharmony\previewer
[2026-07-07T16:43:06.938] [DEBUG] debug-file - Component Toolchains:6.1.1.125 has been placed in the wrong place,
             expect D:\Program Files\Huawei\DevEco Studio\sdk\default\openharmony\24\toolchains, actual D:\Program Files\Huawei\DevEco Studio\sdk\default\openharmony\toolchains
[2026-07-07T16:43:08.054] [DEBUG] debug-file - hvigor build process will be closed with an error.
[2026-07-07T16:43:08.062] [ERROR] debug-file - Error: [31mError Code: 00308018 Unknown Error
Cause: The SDK management mode has changed.
Solution: 
		Method 1: Update the SDKs by going to Tools > SDK Manager > SDK > OpenHarmony and following the onscreen instructions. Open SDK Manager
		Method 2: Uninstall the SDKs in the following paths:
		    D:\Program Files\Huawei\DevEco Studio\sdk\default\openharmony\ets
		    D:\Program Files\Huawei\DevEco Studio\sdk\default\openharmony\js
		    D:\Program Files\Huawei\DevEco Studio\sdk\default\openharmony\native
		    D:\Program Files\Huawei\DevEco Studio\sdk\default\openharmony\previewer
		    D:\Program Files\Huawei\DevEco Studio\sdk\default\openharmony\toolchains


* Try the following:
  > This error is unknown, view the detailed error logs in the '.hvigor > outputs > build-logs' directory in the project directory for analysis, or contact the developer's official website for help.
  > More info: https://developer.huawei.com/consumer/cn/doc/harmonyos-faqs/faqs-compiling-and-building

    at OhSdkInfoHandler.<anonymous> (D:\Program Files\Huawei\DevEco Studio\tools\hvigor\hvigor-ohos-plugin\node_modules\@ohos\sdkmanager-common\build\src\ohos\api\oh-sdk-info-handler.js:25:23)
    at OhSdkInfoHandler.<anonymous> (D:\Program Files\Huawei\DevEco Studio\tools\hvigor\hvigor-ohos-plugin\node_modules\@ohos\sdkmanager-common\build\src\core\api\common-sdk-info-handler.js:80:94)
    at Generator.next (<anonymous>)
    at fulfilled (D:\Program Files\Huawei\DevEco Studio\tools\hvigor\hvigor-ohos-plugin\node_modules\@ohos\sdkmanager-common\build\src\core\api\common-sdk-info-handler.js:5:58)
    at process.processTicksAndRejections (node:internal/process/task_queues:103:5)
[2026-07-07T16:43:08.072] [DEBUG] debug-file - Create  resident worker with id: 0.
[2026-07-07T16:43:08.064] [ERROR] debug-file - BUILD FAILED in 3 s 588 ms 
[2026-07-07T16:43:08.074] [DEBUG] debug-file - Create  resident worker with id: 1.
[2026-07-07T16:43:08.071] [DEBUG] debug-file - Since there is no instance or instance is terminated, create a new worker pool.
[2026-07-07T16:43:08.076] [DEBUG] debug-file - Current worker pool is stopped or closed.
[2026-07-07T16:43:08.071] [DEBUG] debug-file - Worker pool is initialized with config:  {
  minPoolNum: 2,
  maxPoolNum: undefined,
  maxCoreSize: undefined,
  cacheCapacity: undefined,
  cacheTtl: undefined
}
[2026-07-07T16:43:08.076] [DEBUG] debug-file - Clear worker 0.
[2026-07-07T16:43:08.076] [DEBUG] debug-file - Worker 0 has been cleared.
[2026-07-07T16:43:08.076] [DEBUG] debug-file - Current idle worker size: 1.
[2026-07-07T16:43:08.076] [DEBUG] debug-file - Current busy worker size: 0.
[2026-07-07T16:43:08.076] [DEBUG] debug-file - Clear worker 1.
[2026-07-07T16:43:08.076] [DEBUG] debug-file - Worker 1 has been cleared.
[2026-07-07T16:43:08.076] [DEBUG] debug-file - Current idle worker size: 0.
[2026-07-07T16:43:08.076] [DEBUG] debug-file - Current busy worker size: 0.
[2026-07-07T16:43:08.087] [DEBUG] debug-file - hvigor build process will be closed.
[2026-07-07T16:43:08.088] [DEBUG] debug-file - worker[0] exits with exit code 0.
[2026-07-07T16:43:08.088] [DEBUG] debug-file - worker[1] exits with exit code 0.
[2026-07-07T16:43:08.089] [DEBUG] debug-file - Current worker pool is terminated.
[2026-07-07T16:43:24.393] [DEBUG] debug-file - env: nodejsVersion=v25.2.0
[2026-07-07T16:43:24.780] [DEBUG] debug-file - Hvigor init with startParameters:{
  hvigorfileTypeCheck: false,
  parallelExecution: true,
  incrementalExecution: true,
  printStackTrace: true,
  daemon: false,
  analyze: 0,
  logLevel: Level { level: 20000, levelStr: 'INFO', colour: 'green' },
  optimizationStrategy: 'memory',
  hotCompile: undefined,
  hotReloadBuild: undefined,
  customizedParam: undefined
}
[2026-07-07T16:43:27.018] [DEBUG] debug-file - hvigorfile, require result:  { appTasks: [Getter] }
[2026-07-07T16:43:27.020] [DEBUG] debug-file - Starting plugin build process
[2026-07-07T16:43:27.170] [DEBUG] debug-file - App plugin register hook start...
[2026-07-07T16:43:27.172] [DEBUG] debug-file - Start initialize project's product build option map with build mode release.
[2026-07-07T16:43:24.393] [DEBUG] debug-file - env: hvigor-config.json5 content = { modelVersion: '5.0.0', dependencies: {} }
[2026-07-07T16:43:24.782] [DEBUG] debug-file - Since current hvigor version 6.24.3 differs from last hvigor version 
      undefined, delete file-cache.json and task-cache.json.
[2026-07-07T16:43:27.176] [DEBUG] debug-file - Obtain build option for product 'default'in this build.
[2026-07-07T16:43:27.018] [DEBUG] debug-file - hvigorfile, binding system plugins { appTasks: [Getter] }
[2026-07-07T16:43:27.020] [DEBUG] debug-file - App plugin prepare start...
[2026-07-07T16:43:27.170] [DEBUG] debug-file - App plugin register hook end...
[2026-07-07T16:43:27.172] [DEBUG] debug-file - Picking option from product 'default' with build mode 'release'.
[2026-07-07T16:43:24.395] [DEBUG] debug-file - env: daemon=false
[2026-07-07T16:43:24.783] [DEBUG] debug-file - Cache service initialization finished in 3 ms 
[2026-07-07T16:43:27.178] [DEBUG] debug-file - not found resModel json file in : D:\code\smart-patrol-car-lab\06-harmonyos-app-development\entry\src\ohosTest\module.json5
[2026-07-07T16:43:27.020] [DEBUG] debug-file - App plugin prepare end...
[2026-07-07T16:43:27.172] [DEBUG] debug-file - Product 'default' build option initialized
[2026-07-07T16:43:27.170] [DEBUG] debug-file - Plugin build process completed
[2026-07-07T16:43:24.395] [DEBUG] debug-file - no-daemon, use the parent process.execArgv --max-old-space-size=8192,--max-semi-space-size=16,--expose-gc,--enable-source-maps
[2026-07-07T16:43:24.785] [DEBUG] debug-file - hvigorfile, resolving D:\code\smart-patrol-car-lab\06-harmonyos-app-development\hvigorfile.ts
[2026-07-07T16:43:27.020] [DEBUG] debug-file - App plugin creating...
[2026-07-07T16:43:27.183] [DEBUG] debug-file - D:\code\smart-patrol-car-lab\06-harmonyos-app-development\build\cache\default\remote_hsp\remoteHspCache.json not exists.
[2026-07-07T16:43:27.172] [DEBUG] debug-file - End initialize project's product build option map with build mode 'release'.
[2026-07-07T16:43:27.278] [DEBUG] debug-file - Component ArkTS:6.1.1.125 has been placed in the wrong place,
             expect D:\Program Files\Huawei\DevEco Studio\sdk\default\24\ets, actual D:\Program Files\Huawei\DevEco Studio\sdk\default\openharmony\ets
[2026-07-07T16:43:27.278] [DEBUG] debug-file - Component JS:6.1.1.125 has been placed in the wrong place,
             expect D:\Program Files\Huawei\DevEco Studio\sdk\default\24\js, actual D:\Program Files\Huawei\DevEco Studio\sdk\default\openharmony\js
[2026-07-07T16:43:27.279] [DEBUG] debug-file - Component Native:6.1.1.125 has been placed in the wrong place,
             expect D:\Program Files\Huawei\DevEco Studio\sdk\default\24\native, actual D:\Program Files\Huawei\DevEco Studio\sdk\default\openharmony\native
[2026-07-07T16:43:27.279] [DEBUG] debug-file - Component Previewer:6.1.1.125 has been placed in the wrong place,
             expect D:\Program Files\Huawei\DevEco Studio\sdk\default\24\previewer, actual D:\Program Files\Huawei\DevEco Studio\sdk\default\openharmony\previewer
[2026-07-07T16:43:27.280] [DEBUG] debug-file - Component Toolchains:6.1.1.125 has been placed in the wrong place,
             expect D:\Program Files\Huawei\DevEco Studio\sdk\default\24\toolchains, actual D:\Program Files\Huawei\DevEco Studio\sdk\default\openharmony\toolchains
[2026-07-07T16:43:28.036] [DEBUG] debug-file - hvigor build process will be closed with an error.
[2026-07-07T16:43:28.045] [ERROR] debug-file - Error: [31mError Code: 00308018 Unknown Error
Cause: The SDK management mode has changed.
Solution: 
		Method 1: Update the SDKs by going to Tools > SDK Manager > SDK > OpenHarmony and following the onscreen instructions. Open SDK Manager
		Method 2: Uninstall the SDKs in the following paths:
		    D:\Program Files\Huawei\DevEco Studio\sdk\default\openharmony\ets
		    D:\Program Files\Huawei\DevEco Studio\sdk\default\openharmony\js
		    D:\Program Files\Huawei\DevEco Studio\sdk\default\openharmony\native
		    D:\Program Files\Huawei\DevEco Studio\sdk\default\openharmony\previewer
		    D:\Program Files\Huawei\DevEco Studio\sdk\default\openharmony\toolchains


* Try the following:
  > This error is unknown, view the detailed error logs in the '.hvigor > outputs > build-logs' directory in the project directory for analysis, or contact the developer's official website for help.
  > More info: https://developer.huawei.com/consumer/cn/doc/harmonyos-faqs/faqs-compiling-and-building

    at OhSdkInfoHandler.<anonymous> (D:\Program Files\Huawei\DevEco Studio\tools\hvigor\hvigor-ohos-plugin\node_modules\@ohos\sdkmanager-common\build\src\ohos\api\oh-sdk-info-handler.js:25:23)
    at OhSdkInfoHandler.<anonymous> (D:\Program Files\Huawei\DevEco Studio\tools\hvigor\hvigor-ohos-plugin\node_modules\@ohos\sdkmanager-common\build\src\core\api\common-sdk-info-handler.js:80:94)
    at Generator.next (<anonymous>)
    at fulfilled (D:\Program Files\Huawei\DevEco Studio\tools\hvigor\hvigor-ohos-plugin\node_modules\@ohos\sdkmanager-common\build\src\core\api\common-sdk-info-handler.js:5:58)
    at process.processTicksAndRejections (node:internal/process/task_queues:103:5)
[2026-07-07T16:43:28.055] [DEBUG] debug-file - Create  resident worker with id: 0.
[2026-07-07T16:43:28.046] [ERROR] debug-file - BUILD FAILED in 3 s 274 ms 
[2026-07-07T16:43:28.057] [DEBUG] debug-file - Create  resident worker with id: 1.
[2026-07-07T16:43:28.054] [DEBUG] debug-file - Since there is no instance or instance is terminated, create a new worker pool.
[2026-07-07T16:43:28.059] [DEBUG] debug-file - Current worker pool is stopped or closed.
[2026-07-07T16:43:28.054] [DEBUG] debug-file - Worker pool is initialized with config:  {
  minPoolNum: 2,
  maxPoolNum: undefined,
  maxCoreSize: undefined,
  cacheCapacity: undefined,
  cacheTtl: undefined
}
[2026-07-07T16:43:28.059] [DEBUG] debug-file - Clear worker 0.
[2026-07-07T16:43:28.059] [DEBUG] debug-file - Worker 0 has been cleared.
[2026-07-07T16:43:28.059] [DEBUG] debug-file - Current idle worker size: 1.
[2026-07-07T16:43:28.059] [DEBUG] debug-file - Current busy worker size: 0.
[2026-07-07T16:43:28.059] [DEBUG] debug-file - Clear worker 1.
[2026-07-07T16:43:28.059] [DEBUG] debug-file - Worker 1 has been cleared.
[2026-07-07T16:43:28.059] [DEBUG] debug-file - Current idle worker size: 0.
[2026-07-07T16:43:28.059] [DEBUG] debug-file - Current busy worker size: 0.
[2026-07-07T16:43:28.075] [DEBUG] debug-file - hvigor build process will be closed.
[2026-07-07T16:43:28.078] [DEBUG] debug-file - worker[0] exits with exit code 0.
[2026-07-07T16:43:28.079] [DEBUG] debug-file - worker[1] exits with exit code 0.
[2026-07-07T16:43:28.079] [DEBUG] debug-file - Current worker pool is terminated.
